// Jest Snapshot v1, https://goo.gl/fbAQLP

exports[`<Container /> Render Container 1`] = `
<div
  className="container container--primary"
/>
`;
